sniper
0
 5524558 4427104 4590193 5500260 5368467 5372498 5135721 5136803 5165997 4615401 4600672 5063528 4789864 4584913
Segmentation fault. Access Address = (nil)

